[2026-06-25 00:05:45] Raw data too short: 0030440UENISI TIKAAV
RAW: 0030440UENISI TIKAAV
[2026-06-25 00:06:28] Raw data too short: CAN I TEST THIS BY FOLLOWING METHOD
RAW: CAN I TEST THIS BY FOLLOWING METHOD
[2026-06-25 00:06:39] Raw data too short: 1 OPENT THE  THE NOTEPAD
RAW: 1 OPENT THE  THE NOTEPAD
[2026-06-25 00:07:01] Invalid year in era date: AD SO I
RAW: 2  CLICK SOMEWHERE AND SO IN NOTEPAD SO IT HAD FOCUS
[2026-06-25 00:07:33] Raw data too short: 3 PAST V AND PRESS ENTERENTER
RAW: 3 PAST V AND PRESS ENTERENTER
[2026-06-25 00:09:18] Invalid year in era date: OWERSHE
RAW: CVWHAT ABOUT FOR CMD INSTAEAD OF POWERSHELL
[2026-06-25 00:11:57] Raw data too short: POWERSHELL
RAW: POWERSHELL
[2026-06-25 00:12:36] Raw data too short: CV
RAW: CV
[2026-06-25 00:14:20] Raw data too short: CV
RAW: CV
[2026-06-25 00:21:13] Invalid year in era date: YFMF XP
RAW: CVVGUSGUSWOSMDLGUS  GIGUSWODML WKFYFMF XPTMXMKGKFUAUS WKFYTNRKQTEMFTKDLP WHSDP WHSWOGKSMS RHDQORDML ROQTNFMF     WJDGHKFRGL WLZUDI GKSSRKGKSMSRKDY
[2026-06-25 00:21:27] Raw data too short: ACV
RAW: ACV
[2026-06-25 00:24:43] Raw data too short: CVCVDDVSSTESTVBS
RAW: CVCVDDVSSTESTVBS
[2026-06-25 00:25:29] Invalid era date format: S600
RAW: DDD0030440     UENISI TIKA           S600515F
[2026-06-25 00:26:50] Invalid era date format: S60051
RAW: D0030440     UENISI TIKA           S600515F
[2026-06-25 00:27:20] Raw data too short: ZSS
RAW: ZSS
[2026-06-25 00:29:06] Raw data too short: DS
RAW: DS
[2026-06-25 00:29:52] Raw data too short: CCV
RAW: CCV
[2026-06-25 00:30:08] Invalid era date format: IS NOT
RAW: THE LETTER WS WRITETEN IN NOTEPAD IS NOT CORRECT
[2026-06-25 00:30:56] Raw data too short: SVS
RAW: SVS
[2026-06-25 00:31:08] Raw data too short: ZS
RAW: ZS
[2026-06-25 00:31:54] Raw data too short: ZYYZSVSA
RAW: ZYYZSVSA
[2026-06-25 00:32:15] Raw data too short: CV
RAW: CV
[2026-06-25 00:32:22] Raw data too short: C
RAW: C
[2026-06-25 00:32:25] Raw data too short: V
RAW: V
[2026-06-25 00:32:41] Raw data too short: EVERY TIME  THE RESULT S ARE DIFFERENT 
RAW: EVERY TIME  THE RESULT S ARE DIFFERENT 
[2026-06-25 00:33:42] Raw data too short: S
RAW: S
[2026-06-25 00:35:41] Raw data too short: CVCV
RAW: CVCV
[2026-06-25 00:35:51] Raw data too short: THIS IS THE RESULT OF BDT FILE
RAW: THIS IS THE RESULT OF BDT FILE
[2026-06-25 00:35:57] Raw data too short: IS THIS CORRECT
RAW: IS THIS CORRECT
[2026-06-25 00:36:39] Raw data too short: GIT ADD 
RAW: GIT ADD 
